?   	github.com/chris-alexander-pop/system-design-library/pkg/ai	[no test files]
ok  	github.com/chris-alexander-pop/system-design-library/pkg/ai/genai/agents	1.010s [no tests to run]
?   	github.com/chris-alexander-pop/system-design-library/pkg/ai/genai/image	[no test files]
?   	github.com/chris-alexander-pop/system-design-library/pkg/ai/genai/image/adapters/openai	[no test files]
?   	github.com/chris-alexander-pop/system-design-library/pkg/ai/genai/llm	[no test files]
?   	github.com/chris-alexander-pop/system-design-library/pkg/ai/genai/llm/adapters/anthropic	[no test files]
?   	github.com/chris-alexander-pop/system-design-library/pkg/ai/genai/llm/adapters/gemini	[no test files]
?   	github.com/chris-alexander-pop/system-design-library/pkg/ai/genai/llm/adapters/memory	[no test files]
?   	github.com/chris-alexander-pop/system-design-library/pkg/ai/genai/llm/adapters/ollama	[no test files]
?   	github.com/chris-alexander-pop/system-design-library/pkg/ai/genai/llm/adapters/openai	[no test files]
?   	github.com/chris-alexander-pop/system-design-library/pkg/ai/genai/llm/chains	[no test files]
?   	github.com/chris-alexander-pop/system-design-library/pkg/ai/genai/llm/memory	[no test files]
?   	github.com/chris-alexander-pop/system-design-library/pkg/ai/genai/llm/tools	[no test files]
?   	github.com/chris-alexander-pop/system-design-library/pkg/ai/ml/azureml	[no test files]
?   	github.com/chris-alexander-pop/system-design-library/pkg/ai/ml/feature	[no test files]
?   	github.com/chris-alexander-pop/system-design-library/pkg/ai/ml/inference	[no test files]
?   	github.com/chris-alexander-pop/system-design-library/pkg/ai/ml/mlflow	[no test files]
?   	github.com/chris-alexander-pop/system-design-library/pkg/ai/ml/sagemaker	[no test files]
?   	github.com/chris-alexander-pop/system-design-library/pkg/ai/ml/training	[no test files]
?   	github.com/chris-alexander-pop/system-design-library/pkg/ai/ml/training/adapters/pytorch	[no test files]
?   	github.com/chris-alexander-pop/system-design-library/pkg/ai/ml/training/adapters/tensorflow	[no test files]
?   	github.com/chris-alexander-pop/system-design-library/pkg/ai/ml/training/distributed	[no test files]
?   	github.com/chris-alexander-pop/system-design-library/pkg/ai/ml/training/presets/llm	[no test files]
?   	github.com/chris-alexander-pop/system-design-library/pkg/ai/ml/training/presets/meta	[no test files]
?   	github.com/chris-alexander-pop/system-design-library/pkg/ai/ml/training/presets/rl	[no test files]
?   	github.com/chris-alexander-pop/system-design-library/pkg/ai/ml/training/tuner	[no test files]
?   	github.com/chris-alexander-pop/system-design-library/pkg/ai/ml/vertexai	[no test files]
?   	github.com/chris-alexander-pop/system-design-library/pkg/ai/nlp/embedding	[no test files]
?   	github.com/chris-alexander-pop/system-design-library/pkg/ai/nlp/embedding/adapters/huggingface	[no test files]
?   	github.com/chris-alexander-pop/system-design-library/pkg/ai/nlp/embedding/adapters/openai	[no test files]
?   	github.com/chris-alexander-pop/system-design-library/pkg/ai/nlp/rag	[no test files]
?   	github.com/chris-alexander-pop/system-design-library/pkg/ai/perception/ocr	[no test files]
?   	github.com/chris-alexander-pop/system-design-library/pkg/ai/perception/ocr/adapters/memory	[no test files]
ok  	github.com/chris-alexander-pop/system-design-library/pkg/ai/perception/ocr/tests	1.179s
?   	github.com/chris-alexander-pop/system-design-library/pkg/ai/perception/speech	[no test files]
?   	github.com/chris-alexander-pop/system-design-library/pkg/ai/perception/speech/adapters/memory	[no test files]
?   	github.com/chris-alexander-pop/system-design-library/pkg/ai/perception/speech/adapters/openai	[no test files]
ok  	github.com/chris-alexander-pop/system-design-library/pkg/ai/perception/speech/tests	1.169s
?   	github.com/chris-alexander-pop/system-design-library/pkg/ai/perception/vision	[no test files]
?   	github.com/chris-alexander-pop/system-design-library/pkg/ai/perception/vision/adapters/memory	[no test files]
?   	github.com/chris-alexander-pop/system-design-library/pkg/ai/perception/vision/adapters/rekognition	[no test files]
ok  	github.com/chris-alexander-pop/system-design-library/pkg/ai/perception/vision/tests	1.145s
?   	github.com/chris-alexander-pop/system-design-library/pkg/algorithms	[no test files]
?   	github.com/chris-alexander-pop/system-design-library/pkg/algorithms/concurrency/adaptive	[no test files]
?   	github.com/chris-alexander-pop/system-design-library/pkg/algorithms/consensus	[no test files]
?   	github.com/chris-alexander-pop/system-design-library/pkg/algorithms/consensus/paxos	[no test files]
ok  	github.com/chris-alexander-pop/system-design-library/pkg/algorithms/consensus/paxos/tests	1.010s
ok  	github.com/chris-alexander-pop/system-design-library/pkg/algorithms/consensus/raft	1.012s
?   	github.com/chris-alexander-pop/system-design-library/pkg/algorithms/consistenthash/bounded	[no test files]
?   	github.com/chris-alexander-pop/system-design-library/pkg/algorithms/consistenthash/ring	[no test files]
?   	github.com/chris-alexander-pop/system-design-library/pkg/algorithms/dht	[no test files]
?   	github.com/chris-alexander-pop/system-design-library/pkg/algorithms/dht/chord	[no test files]
?   	github.com/chris-alexander-pop/system-design-library/pkg/algorithms/gossip/swim	[no test files]
?   	github.com/chris-alexander-pop/system-design-library/pkg/algorithms/graph/astar	[no test files]
ok  	github.com/chris-alexander-pop/system-design-library/pkg/algorithms/graph/astar/tests	1.009s
?   	github.com/chris-alexander-pop/system-design-library/pkg/algorithms/graph/dijkstra	[no test files]
ok  	github.com/chris-alexander-pop/system-design-library/pkg/algorithms/graph/dijkstra/tests	1.011s
?   	github.com/chris-alexander-pop/system-design-library/pkg/algorithms/graph/kruskal	[no test files]
?   	github.com/chris-alexander-pop/system-design-library/pkg/algorithms/graph/louvain	[no test files]
?   	github.com/chris-alexander-pop/system-design-library/pkg/algorithms/graph/prim	[no test files]
?   	github.com/chris-alexander-pop/system-design-library/pkg/algorithms/loadbalancing	[no test files]
?   	github.com/chris-alexander-pop/system-design-library/pkg/algorithms/loadbalancing/leastconnections	[no test files]
?   	github.com/chris-alexander-pop/system-design-library/pkg/algorithms/loadbalancing/random	[no test files]
?   	github.com/chris-alexander-pop/system-design-library/pkg/algorithms/loadbalancing/roundrobin	[no test files]
ok  	github.com/chris-alexander-pop/system-design-library/pkg/algorithms/loadbalancing/roundrobin/tests	1.009s
?   	github.com/chris-alexander-pop/system-design-library/pkg/algorithms/loadbalancing/weightedroundrobin	[no test files]
?   	github.com/chris-alexander-pop/system-design-library/pkg/algorithms/ratelimit	[no test files]
?   	github.com/chris-alexander-pop/system-design-library/pkg/algorithms/ratelimit/fixedwindow	[no test files]
?   	github.com/chris-alexander-pop/system-design-library/pkg/algorithms/ratelimit/htb	[no test files]
?   	github.com/chris-alexander-pop/system-design-library/pkg/algorithms/ratelimit/leakybucket	[no test files]
?   	github.com/chris-alexander-pop/system-design-library/pkg/algorithms/ratelimit/shaper	[no test files]
ok  	github.com/chris-alexander-pop/system-design-library/pkg/algorithms/ratelimit/shaper/tests	1.230s
?   	github.com/chris-alexander-pop/system-design-library/pkg/algorithms/ratelimit/slidingwindow	[no test files]
?   	github.com/chris-alexander-pop/system-design-library/pkg/algorithms/ratelimit/tokenbucket	[no test files]
ok  	github.com/chris-alexander-pop/system-design-library/pkg/algorithms/ratelimit/tokenbucket/tests	1.129s
?   	github.com/chris-alexander-pop/system-design-library/pkg/algorithms/search/ahocorasick	[no test files]
?   	github.com/chris-alexander-pop/system-design-library/pkg/algorithms/sort/heapsort	[no test files]
?   	github.com/chris-alexander-pop/system-design-library/pkg/algorithms/sort/mergesort	[no test files]
ok  	github.com/chris-alexander-pop/system-design-library/pkg/algorithms/sort/mergesort/tests	1.017s
?   	github.com/chris-alexander-pop/system-design-library/pkg/algorithms/sort/quicksort	[no test files]
ok  	github.com/chris-alexander-pop/system-design-library/pkg/algorithms/sort/quicksort/tests	1.013s
?   	github.com/chris-alexander-pop/system-design-library/pkg/algorithms/sort/radixsort	[no test files]
?   	github.com/chris-alexander-pop/system-design-library/pkg/analytics	[no test files]
?   	github.com/chris-alexander-pop/system-design-library/pkg/analytics/adapters/memory	[no test files]
ok  	github.com/chris-alexander-pop/system-design-library/pkg/analytics/adapters/memory/tests	1.015s
?   	github.com/chris-alexander-pop/system-design-library/pkg/api	[no test files]
?   	github.com/chris-alexander-pop/system-design-library/pkg/api/client	[no test files]
?   	github.com/chris-alexander-pop/system-design-library/pkg/api/client/grpc	[no test files]
?   	github.com/chris-alexander-pop/system-design-library/pkg/api/client/rest	[no test files]
ok  	github.com/chris-alexander-pop/system-design-library/pkg/api/client/tests	1.017s
?   	github.com/chris-alexander-pop/system-design-library/pkg/api/graphql	[no test files]
?   	github.com/chris-alexander-pop/system-design-library/pkg/api/grpc	[no test files]
?   	github.com/chris-alexander-pop/system-design-library/pkg/api/middleware	[no test files]
?   	github.com/chris-alexander-pop/system-design-library/pkg/api/ratelimit	[no test files]
?   	github.com/chris-alexander-pop/system-design-library/pkg/api/ratelimit/adapters/redis	[no test files]
?   	github.com/chris-alexander-pop/system-design-library/pkg/api/rbac	[no test files]
?   	github.com/chris-alexander-pop/system-design-library/pkg/api/rest	[no test files]
ok  	github.com/chris-alexander-pop/system-design-library/pkg/api/tests	1.026s
?   	github.com/chris-alexander-pop/system-design-library/pkg/api/websocket	[no test files]
?   	github.com/chris-alexander-pop/system-design-library/pkg/audit	[no test files]
ok  	github.com/chris-alexander-pop/system-design-library/pkg/audit/tests	1.020s
?   	github.com/chris-alexander-pop/system-design-library/pkg/auth	[no test files]
?   	github.com/chris-alexander-pop/system-design-library/pkg/auth/adapters/cognito	[no test files]
?   	github.com/chris-alexander-pop/system-design-library/pkg/auth/adapters/entraid	[no test files]
?   	github.com/chris-alexander-pop/system-design-library/pkg/auth/adapters/gcpidentity	[no test files]
?   	github.com/chris-alexander-pop/system-design-library/pkg/auth/adapters/jwt	[no test files]
ok  	github.com/chris-alexander-pop/system-design-library/pkg/auth/adapters/jwt/tests	1.030s
?   	github.com/chris-alexander-pop/system-design-library/pkg/auth/adapters/oidc	[no test files]
?   	github.com/chris-alexander-pop/system-design-library/pkg/auth/adapters/paseto	[no test files]
?   	github.com/chris-alexander-pop/system-design-library/pkg/auth/adapters/session	[no test files]
?   	github.com/chris-alexander-pop/system-design-library/pkg/auth/cloud	[no test files]
?   	github.com/chris-alexander-pop/system-design-library/pkg/auth/cloud/adapters/azure	[no test files]
?   	github.com/chris-alexander-pop/system-design-library/pkg/auth/cloud/adapters/cognito	[no test files]
?   	github.com/chris-alexander-pop/system-design-library/pkg/auth/cloud/adapters/gcp	[no test files]
?   	github.com/chris-alexander-pop/system-design-library/pkg/auth/mfa	[no test files]
?   	github.com/chris-alexander-pop/system-design-library/pkg/auth/mfa/adapters/memory	[no test files]
ok  	github.com/chris-alexander-pop/system-design-library/pkg/auth/mfa/adapters/redis	1.039s
?   	github.com/chris-alexander-pop/system-design-library/pkg/auth/mfa/otp	[no test files]
ok  	github.com/chris-alexander-pop/system-design-library/pkg/auth/mfa/tests	1.226s
?   	github.com/chris-alexander-pop/system-design-library/pkg/auth/session	[no test files]
?   	github.com/chris-alexander-pop/system-design-library/pkg/auth/session/adapters/memory	[no test files]
?   	github.com/chris-alexander-pop/system-design-library/pkg/auth/session/adapters/redis	[no test files]
ok  	github.com/chris-alexander-pop/system-design-library/pkg/auth/session/tests	1.230s
?   	github.com/chris-alexander-pop/system-design-library/pkg/auth/social	[no test files]
?   	github.com/chris-alexander-pop/system-design-library/pkg/auth/webauthn	[no test files]
?   	github.com/chris-alexander-pop/system-design-library/pkg/auth/webauthn/adapters/library	[no test files]
?   	github.com/chris-alexander-pop/system-design-library/pkg/auth/webauthn/adapters/memory	[no test files]
ok  	github.com/chris-alexander-pop/system-design-library/pkg/auth/webauthn/tests	1.161s
?   	github.com/chris-alexander-pop/system-design-library/pkg/cache	[no test files]
?   	github.com/chris-alexander-pop/system-design-library/pkg/cache/adapters/memory	[no test files]
?   	github.com/chris-alexander-pop/system-design-library/pkg/cache/adapters/redis	[no test files]
ok  	github.com/chris-alexander-pop/system-design-library/pkg/cache/tests	1.026s
?   	github.com/chris-alexander-pop/system-design-library/pkg/cloud	[no test files]
?   	github.com/chris-alexander-pop/system-design-library/pkg/cloud/controlplane	[no test files]
?   	github.com/chris-alexander-pop/system-design-library/pkg/cloud/controlplane/adapters/memory	[no test files]
?   	github.com/chris-alexander-pop/system-design-library/pkg/cloud/hypervisor	[no test files]
ok  	github.com/chris-alexander-pop/system-design-library/pkg/cloud/hypervisor/adapters/memory	1.014s
?   	github.com/chris-alexander-pop/system-design-library/pkg/cloud/provisioning	[no test files]
?   	github.com/chris-alexander-pop/system-design-library/pkg/cloud/provisioning/adapters/memory	[no test files]
?   	github.com/chris-alexander-pop/system-design-library/pkg/cloud/scheduler	[no test files]
?   	github.com/chris-alexander-pop/system-design-library/pkg/cloud/scheduler/adapters/memory	[no test files]
?   	github.com/chris-alexander-pop/system-design-library/pkg/commerce	[no test files]
?   	github.com/chris-alexander-pop/system-design-library/pkg/commerce/billing	[no test files]
?   	github.com/chris-alexander-pop/system-design-library/pkg/commerce/billing/adapters/memory	[no test files]
ok  	github.com/chris-alexander-pop/system-design-library/pkg/commerce/billing/tests	1.177s
?   	github.com/chris-alexander-pop/system-design-library/pkg/commerce/currency	[no test files]
?   	github.com/chris-alexander-pop/system-design-library/pkg/commerce/currency/adapters/memory	[no test files]
ok  	github.com/chris-alexander-pop/system-design-library/pkg/commerce/currency/tests	1.196s
?   	github.com/chris-alexander-pop/system-design-library/pkg/commerce/payment	[no test files]
?   	github.com/chris-alexander-pop/system-design-library/pkg/commerce/payment/adapters/memory	[no test files]
?   	github.com/chris-alexander-pop/system-design-library/pkg/commerce/payment/adapters/paypal	[no test files]
?   	github.com/chris-alexander-pop/system-design-library/pkg/commerce/payment/adapters/stripe	[no test files]
ok  	github.com/chris-alexander-pop/system-design-library/pkg/commerce/payment/tests	1.139s
?   	github.com/chris-alexander-pop/system-design-library/pkg/commerce/tax	[no test files]
?   	github.com/chris-alexander-pop/system-design-library/pkg/commerce/tax/adapters/memory	[no test files]
ok  	github.com/chris-alexander-pop/system-design-library/pkg/commerce/tax/tests	1.169s
?   	github.com/chris-alexander-pop/system-design-library/pkg/communication	[no test files]
?   	github.com/chris-alexander-pop/system-design-library/pkg/communication/chat	[no test files]
?   	github.com/chris-alexander-pop/system-design-library/pkg/communication/chat/adapters/discord	[no test files]
?   	github.com/chris-alexander-pop/system-design-library/pkg/communication/chat/adapters/memory	[no test files]
?   	github.com/chris-alexander-pop/system-design-library/pkg/communication/chat/adapters/slack	[no test files]
ok  	github.com/chris-alexander-pop/system-design-library/pkg/communication/chat/tests	1.171s
?   	github.com/chris-alexander-pop/system-design-library/pkg/communication/email	[no test files]
?   	github.com/chris-alexander-pop/system-design-library/pkg/communication/email/adapters/memory	[no test files]
?   	github.com/chris-alexander-pop/system-design-library/pkg/communication/email/adapters/sendgrid	[no test files]
?   	github.com/chris-alexander-pop/system-design-library/pkg/communication/email/adapters/ses	[no test files]
?   	github.com/chris-alexander-pop/system-design-library/pkg/communication/email/adapters/smtp	[no test files]
ok  	github.com/chris-alexander-pop/system-design-library/pkg/communication/email/tests	1.181s
?   	github.com/chris-alexander-pop/system-design-library/pkg/communication/push	[no test files]
?   	github.com/chris-alexander-pop/system-design-library/pkg/communication/push/adapters/apns	[no test files]
?   	github.com/chris-alexander-pop/system-design-library/pkg/communication/push/adapters/fcm	[no test files]
?   	github.com/chris-alexander-pop/system-design-library/pkg/communication/push/adapters/memory	[no test files]
ok  	github.com/chris-alexander-pop/system-design-library/pkg/communication/push/tests	1.179s
?   	github.com/chris-alexander-pop/system-design-library/pkg/communication/sms	[no test files]
?   	github.com/chris-alexander-pop/system-design-library/pkg/communication/sms/adapters/memory	[no test files]
?   	github.com/chris-alexander-pop/system-design-library/pkg/communication/sms/adapters/sns	[no test files]
?   	github.com/chris-alexander-pop/system-design-library/pkg/communication/sms/adapters/twilio	[no test files]
ok  	github.com/chris-alexander-pop/system-design-library/pkg/communication/sms/tests	1.167s
?   	github.com/chris-alexander-pop/system-design-library/pkg/communication/template	[no test files]
?   	github.com/chris-alexander-pop/system-design-library/pkg/communication/template/adapters/memory	[no test files]
ok  	github.com/chris-alexander-pop/system-design-library/pkg/communication/template/tests	1.196s
ok  	github.com/chris-alexander-pop/system-design-library/pkg/communication/tests	1.016s
?   	github.com/chris-alexander-pop/system-design-library/pkg/compute	[no test files]
?   	github.com/chris-alexander-pop/system-design-library/pkg/compute/container	[no test files]
?   	github.com/chris-alexander-pop/system-design-library/pkg/compute/container/adapters/fargate	[no test files]
?   	github.com/chris-alexander-pop/system-design-library/pkg/compute/container/adapters/k8s	[no test files]
?   	github.com/chris-alexander-pop/system-design-library/pkg/compute/container/adapters/memory	[no test files]
ok  	github.com/chris-alexander-pop/system-design-library/pkg/compute/container/tests	1.019s
?   	github.com/chris-alexander-pop/system-design-library/pkg/compute/serverless	[no test files]
?   	github.com/chris-alexander-pop/system-design-library/pkg/compute/serverless/adapters/gcf	[no test files]
?   	github.com/chris-alexander-pop/system-design-library/pkg/compute/serverless/adapters/lambda	[no test files]
?   	github.com/chris-alexander-pop/system-design-library/pkg/compute/serverless/adapters/memory	[no test files]
ok  	github.com/chris-alexander-pop/system-design-library/pkg/compute/serverless/tests	1.021s
?   	github.com/chris-alexander-pop/system-design-library/pkg/compute/vm	[no test files]
?   	github.com/chris-alexander-pop/system-design-library/pkg/compute/vm/adapters/memory	[no test files]
ok  	github.com/chris-alexander-pop/system-design-library/pkg/compute/vm/tests	1.021s
?   	github.com/chris-alexander-pop/system-design-library/pkg/concurrency	[no test files]
?   	github.com/chris-alexander-pop/system-design-library/pkg/concurrency/distlock	[no test files]
?   	github.com/chris-alexander-pop/system-design-library/pkg/concurrency/distlock/adapters/memory	[no test files]
?   	github.com/chris-alexander-pop/system-design-library/pkg/concurrency/distlock/adapters/redis	[no test files]
ok  	github.com/chris-alexander-pop/system-design-library/pkg/concurrency/distlock/tests	1.012s
ok  	github.com/chris-alexander-pop/system-design-library/pkg/concurrency/tests	1.025s
?   	github.com/chris-alexander-pop/system-design-library/pkg/config	[no test files]
ok  	github.com/chris-alexander-pop/system-design-library/pkg/config/tests	1.177s
?   	github.com/chris-alexander-pop/system-design-library/pkg/data	[no test files]
?   	github.com/chris-alexander-pop/system-design-library/pkg/data/bigdata	[no test files]
?   	github.com/chris-alexander-pop/system-design-library/pkg/data/bigdata/adapters/bigquery	[no test files]
ok  	github.com/chris-alexander-pop/system-design-library/pkg/data/bigdata/adapters/bigquery/tests	1.044s
?   	github.com/chris-alexander-pop/system-design-library/pkg/data/bigdata/adapters/memory	[no test files]
ok  	github.com/chris-alexander-pop/system-design-library/pkg/data/bigdata/adapters/memory/tests	1.021s
?   	github.com/chris-alexander-pop/system-design-library/pkg/data/bigdata/adapters/redshift	[no test files]
ok  	github.com/chris-alexander-pop/system-design-library/pkg/data/bigdata/adapters/redshift/tests	1.028s
?   	github.com/chris-alexander-pop/system-design-library/pkg/data/bigdata/adapters/synapse	[no test files]
ok  	github.com/chris-alexander-pop/system-design-library/pkg/data/bigdata/adapters/synapse/tests	1.039s
?   	github.com/chris-alexander-pop/system-design-library/pkg/data/bigdata/compute/mapreduce	[no test files]
?   	github.com/chris-alexander-pop/system-design-library/pkg/data/bigdata/compute/spark	[no test files]
?   	github.com/chris-alexander-pop/system-design-library/pkg/data/bigdata/formats/avro	[no test files]
ok  	github.com/chris-alexander-pop/system-design-library/pkg/data/bigdata/formats/avro/tests	1.037s
?   	github.com/chris-alexander-pop/system-design-library/pkg/data/bigdata/formats/parquet	[no test files]
ok  	github.com/chris-alexander-pop/system-design-library/pkg/data/bigdata/formats/parquet/tests	1.020s
?   	github.com/chris-alexander-pop/system-design-library/pkg/data/bigdata/lake/hdfs	[no test files]
?   	github.com/chris-alexander-pop/system-design-library/pkg/data/bigdata/olap/duckdb	[no test files]
?   	github.com/chris-alexander-pop/system-design-library/pkg/data/bigdata/pipeline/etl	[no test files]
?   	github.com/chris-alexander-pop/system-design-library/pkg/data/bigdata/pipeline/executor	[no test files]
ok  	github.com/chris-alexander-pop/system-design-library/pkg/data/bigdata/pipeline/executor/tests	1.015s
ok  	github.com/chris-alexander-pop/system-design-library/pkg/data/bigdata/tests	1.015s
?   	github.com/chris-alexander-pop/system-design-library/pkg/data/search	[no test files]
?   	github.com/chris-alexander-pop/system-design-library/pkg/data/search/adapters/algolia	[no test files]
?   	github.com/chris-alexander-pop/system-design-library/pkg/data/search/adapters/elasticsearch	[no test files]
?   	github.com/chris-alexander-pop/system-design-library/pkg/data/search/adapters/meilisearch	[no test files]
?   	github.com/chris-alexander-pop/system-design-library/pkg/data/search/adapters/memory	[no test files]
ok  	github.com/chris-alexander-pop/system-design-library/pkg/data/search/tests	1.025s
?   	github.com/chris-alexander-pop/system-design-library/pkg/database	[no test files]
?   	github.com/chris-alexander-pop/system-design-library/pkg/database/document	[no test files]
ok  	github.com/chris-alexander-pop/system-design-library/pkg/database/document/adapters/cosmosdb	1.014s [no tests to run]
?   	github.com/chris-alexander-pop/system-design-library/pkg/database/document/adapters/dynamodb	[no test files]
?   	github.com/chris-alexander-pop/system-design-library/pkg/database/document/adapters/firestore	[no test files]
?   	github.com/chris-alexander-pop/system-design-library/pkg/database/document/adapters/memory	[no test files]
?   	github.com/chris-alexander-pop/system-design-library/pkg/database/document/adapters/mongodb	[no test files]
?   	github.com/chris-alexander-pop/system-design-library/pkg/database/graph	[no test files]
?   	github.com/chris-alexander-pop/system-design-library/pkg/database/graph/adapters/memory	[no test files]
?   	github.com/chris-alexander-pop/system-design-library/pkg/database/introspection	[no test files]
?   	github.com/chris-alexander-pop/system-design-library/pkg/database/kv	[no test files]
?   	github.com/chris-alexander-pop/system-design-library/pkg/database/kv/adapters/memory	[no test files]
?   	github.com/chris-alexander-pop/system-design-library/pkg/database/kv/adapters/redis	[no test files]
?   	github.com/chris-alexander-pop/system-design-library/pkg/database/ops	[no test files]
?   	github.com/chris-alexander-pop/system-design-library/pkg/database/partitioning	[no test files]
?   	github.com/chris-alexander-pop/system-design-library/pkg/database/plugins	[no test files]
?   	github.com/chris-alexander-pop/system-design-library/pkg/database/plugins/events	[no test files]
?   	github.com/chris-alexander-pop/system-design-library/pkg/database/rerank	[no test files]
?   	github.com/chris-alexander-pop/system-design-library/pkg/database/sharding	[no test files]
?   	github.com/chris-alexander-pop/system-design-library/pkg/database/sql	[no test files]
?   	github.com/chris-alexander-pop/system-design-library/pkg/database/sql/adapters/clickhouse	[no test files]
?   	github.com/chris-alexander-pop/system-design-library/pkg/database/sql/adapters/memory	[no test files]
?   	github.com/chris-alexander-pop/system-design-library/pkg/database/sql/adapters/mssql	[no test files]
?   	github.com/chris-alexander-pop/system-design-library/pkg/database/sql/adapters/mysql	[no test files]
?   	github.com/chris-alexander-pop/system-design-library/pkg/database/sql/adapters/postgres	[no test files]
?   	github.com/chris-alexander-pop/system-design-library/pkg/database/sql/adapters/sqlite	[no test files]
ok  	github.com/chris-alexander-pop/system-design-library/pkg/database/tests	1.183s
?   	github.com/chris-alexander-pop/system-design-library/pkg/database/timeseries	[no test files]
?   	github.com/chris-alexander-pop/system-design-library/pkg/database/timeseries/adapters/influxdb	[no test files]
?   	github.com/chris-alexander-pop/system-design-library/pkg/database/timeseries/adapters/memory	[no test files]
ok  	github.com/chris-alexander-pop/system-design-library/pkg/database/timeseries/adapters/memory/tests	1.013s
?   	github.com/chris-alexander-pop/system-design-library/pkg/database/timeseries/adapters/timestream	[no test files]
?   	github.com/chris-alexander-pop/system-design-library/pkg/database/transfer	[no test files]
?   	github.com/chris-alexander-pop/system-design-library/pkg/database/vector	[no test files]
?   	github.com/chris-alexander-pop/system-design-library/pkg/database/vector/adapters/memory	[no test files]
?   	github.com/chris-alexander-pop/system-design-library/pkg/database/vector/adapters/pinecone	[no test files]
?   	github.com/chris-alexander-pop/system-design-library/pkg/datastructures	[no test files]
?   	github.com/chris-alexander-pop/system-design-library/pkg/datastructures/arc	[no test files]
?   	github.com/chris-alexander-pop/system-design-library/pkg/datastructures/bitmap	[no test files]
?   	github.com/chris-alexander-pop/system-design-library/pkg/datastructures/bitmap/roaring	[no test files]
ok  	github.com/chris-alexander-pop/system-design-library/pkg/datastructures/bitmap/tests	1.014s
?   	github.com/chris-alexander-pop/system-design-library/pkg/datastructures/bloomfilter	[no test files]
?   	github.com/chris-alexander-pop/system-design-library/pkg/datastructures/bloomfilter/cuckoo	[no test files]
?   	github.com/chris-alexander-pop/system-design-library/pkg/datastructures/bloomfilter/scalable	[no test files]
ok  	github.com/chris-alexander-pop/system-design-library/pkg/datastructures/bloomfilter/tests	1.015s
?   	github.com/chris-alexander-pop/system-design-library/pkg/datastructures/concurrentmap	[no test files]
ok  	github.com/chris-alexander-pop/system-design-library/pkg/datastructures/concurrentmap/tests	1.014s
?   	github.com/chris-alexander-pop/system-design-library/pkg/datastructures/crdt	[no test files]
?   	github.com/chris-alexander-pop/system-design-library/pkg/datastructures/deque	[no test files]
ok  	github.com/chris-alexander-pop/system-design-library/pkg/datastructures/deque/tests	1.013s
ok  	github.com/chris-alexander-pop/system-design-library/pkg/datastructures/graph	1.013s
?   	github.com/chris-alexander-pop/system-design-library/pkg/datastructures/graph/dag	[no test files]
?   	github.com/chris-alexander-pop/system-design-library/pkg/datastructures/heap	[no test files]
ok  	github.com/chris-alexander-pop/system-design-library/pkg/datastructures/heap/tests	1.009s
?   	github.com/chris-alexander-pop/system-design-library/pkg/datastructures/hyperloglog	[no test files]
ok  	github.com/chris-alexander-pop/system-design-library/pkg/datastructures/hyperloglog/tests	1.067s
?   	github.com/chris-alexander-pop/system-design-library/pkg/datastructures/lfu	[no test files]
ok  	github.com/chris-alexander-pop/system-design-library/pkg/datastructures/lfu/tests	1.009s
?   	github.com/chris-alexander-pop/system-design-library/pkg/datastructures/linkedlist	[no test files]
ok  	github.com/chris-alexander-pop/system-design-library/pkg/datastructures/linkedlist/tests	1.010s
?   	github.com/chris-alexander-pop/system-design-library/pkg/datastructures/lru	[no test files]
ok  	github.com/chris-alexander-pop/system-design-library/pkg/datastructures/lru/tests	1.009s
?   	github.com/chris-alexander-pop/system-design-library/pkg/datastructures/merkle	[no test files]
ok  	github.com/chris-alexander-pop/system-design-library/pkg/datastructures/merkle/tests	1.010s
?   	github.com/chris-alexander-pop/system-design-library/pkg/datastructures/queue	[no test files]
?   	github.com/chris-alexander-pop/system-design-library/pkg/datastructures/queue/delay	[no test files]
ok  	github.com/chris-alexander-pop/system-design-library/pkg/datastructures/queue/delay/tests	1.461s
?   	github.com/chris-alexander-pop/system-design-library/pkg/datastructures/queue/disruptor	[no test files]
ok  	github.com/chris-alexander-pop/system-design-library/pkg/datastructures/queue/disruptor/tests	1.010s
?   	github.com/chris-alexander-pop/system-design-library/pkg/datastructures/queue/ring	[no test files]
ok  	github.com/chris-alexander-pop/system-design-library/pkg/datastructures/queue/ring/tests	1.111s
ok  	github.com/chris-alexander-pop/system-design-library/pkg/datastructures/queue/tests	1.008s
?   	github.com/chris-alexander-pop/system-design-library/pkg/datastructures/set	[no test files]
?   	github.com/chris-alexander-pop/system-design-library/pkg/datastructures/set/disjoint	[no test files]
ok  	github.com/chris-alexander-pop/system-design-library/pkg/datastructures/set/disjoint/tests	1.009s
ok  	github.com/chris-alexander-pop/system-design-library/pkg/datastructures/set/tests	1.009s
?   	github.com/chris-alexander-pop/system-design-library/pkg/datastructures/sketch	[no test files]
?   	github.com/chris-alexander-pop/system-design-library/pkg/datastructures/sketch/countmin	[no test files]
ok  	github.com/chris-alexander-pop/system-design-library/pkg/datastructures/sketch/countmin/tests	1.010s
?   	github.com/chris-alexander-pop/system-design-library/pkg/datastructures/sketch/histogram	[no test files]
ok  	github.com/chris-alexander-pop/system-design-library/pkg/datastructures/sketch/histogram/tests	1.009s
?   	github.com/chris-alexander-pop/system-design-library/pkg/datastructures/sketch/hllpp	[no test files]
ok  	github.com/chris-alexander-pop/system-design-library/pkg/datastructures/sketch/hllpp/tests	1.009s
?   	github.com/chris-alexander-pop/system-design-library/pkg/datastructures/sketch/tdigest	[no test files]
ok  	github.com/chris-alexander-pop/system-design-library/pkg/datastructures/sketch/tdigest/tests	1.009s
?   	github.com/chris-alexander-pop/system-design-library/pkg/datastructures/skiplist	[no test files]
ok  	github.com/chris-alexander-pop/system-design-library/pkg/datastructures/skiplist/tests	1.008s
?   	github.com/chris-alexander-pop/system-design-library/pkg/datastructures/stack	[no test files]
ok  	github.com/chris-alexander-pop/system-design-library/pkg/datastructures/stack/tests	1.008s
?   	github.com/chris-alexander-pop/system-design-library/pkg/datastructures/text	[no test files]
?   	github.com/chris-alexander-pop/system-design-library/pkg/datastructures/text/suffixarray	[no test files]
ok  	github.com/chris-alexander-pop/system-design-library/pkg/datastructures/text/suffixarray/tests	1.011s
?   	github.com/chris-alexander-pop/system-design-library/pkg/datastructures/timer	[no test files]
?   	github.com/chris-alexander-pop/system-design-library/pkg/datastructures/timer/wheel	[no test files]
ok  	github.com/chris-alexander-pop/system-design-library/pkg/datastructures/timer/wheel/tests	1.075s
?   	github.com/chris-alexander-pop/system-design-library/pkg/datastructures/tree	[no test files]
?   	github.com/chris-alexander-pop/system-design-library/pkg/datastructures/tree/avl	[no test files]
ok  	github.com/chris-alexander-pop/system-design-library/pkg/datastructures/tree/avl/tests	1.012s
?   	github.com/chris-alexander-pop/system-design-library/pkg/datastructures/tree/bk	[no test files]
ok  	github.com/chris-alexander-pop/system-design-library/pkg/datastructures/tree/bk/tests	1.011s
?   	github.com/chris-alexander-pop/system-design-library/pkg/datastructures/tree/bplus	[no test files]
ok  	github.com/chris-alexander-pop/system-design-library/pkg/datastructures/tree/bplus/tests	1.010s
?   	github.com/chris-alexander-pop/system-design-library/pkg/datastructures/tree/fenwick	[no test files]
ok  	github.com/chris-alexander-pop/system-design-library/pkg/datastructures/tree/fenwick/tests	1.010s
?   	github.com/chris-alexander-pop/system-design-library/pkg/datastructures/tree/lsm	[no test files]
ok  	github.com/chris-alexander-pop/system-design-library/pkg/datastructures/tree/lsm/tests	1.009s
?   	github.com/chris-alexander-pop/system-design-library/pkg/datastructures/tree/quad	[no test files]
ok  	github.com/chris-alexander-pop/system-design-library/pkg/datastructures/tree/quad/tests	1.010s
?   	github.com/chris-alexander-pop/system-design-library/pkg/datastructures/tree/radix	[no test files]
ok  	github.com/chris-alexander-pop/system-design-library/pkg/datastructures/tree/radix/tests	1.010s
?   	github.com/chris-alexander-pop/system-design-library/pkg/datastructures/tree/rstar	[no test files]
ok  	github.com/chris-alexander-pop/system-design-library/pkg/datastructures/tree/rstar/tests	1.009s
?   	github.com/chris-alexander-pop/system-design-library/pkg/datastructures/tree/segment	[no test files]
ok  	github.com/chris-alexander-pop/system-design-library/pkg/datastructures/tree/segment/tests	1.011s
?   	github.com/chris-alexander-pop/system-design-library/pkg/datastructures/tree/trie	[no test files]
ok  	github.com/chris-alexander-pop/system-design-library/pkg/datastructures/tree/trie/tests	1.009s
?   	github.com/chris-alexander-pop/system-design-library/pkg/datastructures/vectorclock	[no test files]
ok  	github.com/chris-alexander-pop/system-design-library/pkg/datastructures/vectorclock/tests	1.012s
?   	github.com/chris-alexander-pop/system-design-library/pkg/enterprise/cqrs	[no test files]
?   	github.com/chris-alexander-pop/system-design-library/pkg/enterprise/ddd	[no test files]
?   	github.com/chris-alexander-pop/system-design-library/pkg/enterprise/eventsource	[no test files]
?   	github.com/chris-alexander-pop/system-design-library/pkg/errors	[no test files]
ok  	github.com/chris-alexander-pop/system-design-library/pkg/errors/tests	1.186s
?   	github.com/chris-alexander-pop/system-design-library/pkg/events	[no test files]
?   	github.com/chris-alexander-pop/system-design-library/pkg/events/adapters/memory	[no test files]
ok  	github.com/chris-alexander-pop/system-design-library/pkg/events/tests	1.023s
?   	github.com/chris-alexander-pop/system-design-library/pkg/iot/adapters/awsiot	[no test files]
?   	github.com/chris-alexander-pop/system-design-library/pkg/iot/adapters/greengrass	[no test files]
?   	github.com/chris-alexander-pop/system-design-library/pkg/iot/device/ota	[no test files]
?   	github.com/chris-alexander-pop/system-design-library/pkg/iot/protocols/mqtt	[no test files]
?   	github.com/chris-alexander-pop/system-design-library/pkg/logger	[no test files]
ok  	github.com/chris-alexander-pop/system-design-library/pkg/logger/tests	1.011s
?   	github.com/chris-alexander-pop/system-design-library/pkg/messaging	[no test files]
?   	github.com/chris-alexander-pop/system-design-library/pkg/messaging/adapters/azservicebus	[no test files]
?   	github.com/chris-alexander-pop/system-design-library/pkg/messaging/adapters/gcppubsub	[no test files]
?   	github.com/chris-alexander-pop/system-design-library/pkg/messaging/adapters/kafka	[no test files]
?   	github.com/chris-alexander-pop/system-design-library/pkg/messaging/adapters/memory	[no test files]
ok  	github.com/chris-alexander-pop/system-design-library/pkg/messaging/adapters/memory/tests	6.019s
?   	github.com/chris-alexander-pop/system-design-library/pkg/messaging/adapters/nats	[no test files]
?   	github.com/chris-alexander-pop/system-design-library/pkg/messaging/adapters/rabbitmq	[no test files]
?   	github.com/chris-alexander-pop/system-design-library/pkg/messaging/adapters/redisstreams	[no test files]
?   	github.com/chris-alexander-pop/system-design-library/pkg/messaging/adapters/sns	[no test files]
?   	github.com/chris-alexander-pop/system-design-library/pkg/messaging/adapters/sqs	[no test files]
ok  	github.com/chris-alexander-pop/system-design-library/pkg/messaging/tests	6.018s
?   	github.com/chris-alexander-pop/system-design-library/pkg/messaging/testsuite	[no test files]
?   	github.com/chris-alexander-pop/system-design-library/pkg/metering	[no test files]
?   	github.com/chris-alexander-pop/system-design-library/pkg/metering/adapters/memory	[no test files]
?   	github.com/chris-alexander-pop/system-design-library/pkg/network	[no test files]
?   	github.com/chris-alexander-pop/system-design-library/pkg/network/apigateway	[no test files]
?   	github.com/chris-alexander-pop/system-design-library/pkg/network/apigateway/adapters/memory	[no test files]
?   	github.com/chris-alexander-pop/system-design-library/pkg/network/cdn	[no test files]
?   	github.com/chris-alexander-pop/system-design-library/pkg/network/cdn/adapters/memory	[no test files]
?   	github.com/chris-alexander-pop/system-design-library/pkg/network/dhcp	[no test files]
?   	github.com/chris-alexander-pop/system-design-library/pkg/network/dhcp/adapters/memory	[no test files]
?   	github.com/chris-alexander-pop/system-design-library/pkg/network/dns	[no test files]
?   	github.com/chris-alexander-pop/system-design-library/pkg/network/dns/adapters/memory	[no test files]
ok  	github.com/chris-alexander-pop/system-design-library/pkg/network/dns/tests	1.023s
?   	github.com/chris-alexander-pop/system-design-library/pkg/network/firewall	[no test files]
?   	github.com/chris-alexander-pop/system-design-library/pkg/network/firewall/adapters/memory	[no test files]
?   	github.com/chris-alexander-pop/system-design-library/pkg/network/ip	[no test files]
?   	github.com/chris-alexander-pop/system-design-library/pkg/network/ip/adapters/memory	[no test files]
?   	github.com/chris-alexander-pop/system-design-library/pkg/network/loadbalancer	[no test files]
?   	github.com/chris-alexander-pop/system-design-library/pkg/network/loadbalancer/adapters/aws	[no test files]
?   	github.com/chris-alexander-pop/system-design-library/pkg/network/loadbalancer/adapters/gcp	[no test files]
?   	github.com/chris-alexander-pop/system-design-library/pkg/network/loadbalancer/adapters/memory	[no test files]
ok  	github.com/chris-alexander-pop/system-design-library/pkg/network/loadbalancer/tests	1.024s
?   	github.com/chris-alexander-pop/system-design-library/pkg/network/sdn	[no test files]
?   	github.com/chris-alexander-pop/system-design-library/pkg/network/sdn/adapters/memory	[no test files]
ok  	github.com/chris-alexander-pop/system-design-library/pkg/network/tests	1.311s
?   	github.com/chris-alexander-pop/system-design-library/pkg/resilience	[no test files]
ok  	github.com/chris-alexander-pop/system-design-library/pkg/resilience/tests	1.586s
?   	github.com/chris-alexander-pop/system-design-library/pkg/security	[no test files]
?   	github.com/chris-alexander-pop/system-design-library/pkg/security/captcha	[no test files]
?   	github.com/chris-alexander-pop/system-design-library/pkg/security/captcha/adapters/memory	[no test files]
ok  	github.com/chris-alexander-pop/system-design-library/pkg/security/captcha/tests	1.142s
?   	github.com/chris-alexander-pop/system-design-library/pkg/security/crypto	[no test files]
?   	github.com/chris-alexander-pop/system-design-library/pkg/security/crypto/kms	[no test files]
?   	github.com/chris-alexander-pop/system-design-library/pkg/security/crypto/kms/adapters/memory	[no test files]
ok  	github.com/chris-alexander-pop/system-design-library/pkg/security/crypto/kms/tests	1.159s
?   	github.com/chris-alexander-pop/system-design-library/pkg/security/crypto/pqc	[no test files]
ok  	github.com/chris-alexander-pop/system-design-library/pkg/security/crypto/tests	1.087s
?   	github.com/chris-alexander-pop/system-design-library/pkg/security/fraud	[no test files]
?   	github.com/chris-alexander-pop/system-design-library/pkg/security/fraud/adapters/memory	[no test files]
ok  	github.com/chris-alexander-pop/system-design-library/pkg/security/fraud/tests	1.175s
?   	github.com/chris-alexander-pop/system-design-library/pkg/security/iam	[no test files]
?   	github.com/chris-alexander-pop/system-design-library/pkg/security/iam/provider	[no test files]
?   	github.com/chris-alexander-pop/system-design-library/pkg/security/iam/provider/adapters/memory	[no test files]
?   	github.com/chris-alexander-pop/system-design-library/pkg/security/scanning	[no test files]
?   	github.com/chris-alexander-pop/system-design-library/pkg/security/scanning/adapters/memory	[no test files]
ok  	github.com/chris-alexander-pop/system-design-library/pkg/security/scanning/tests	1.191s
?   	github.com/chris-alexander-pop/system-design-library/pkg/security/secrets	[no test files]
?   	github.com/chris-alexander-pop/system-design-library/pkg/security/secrets/adapters/memory	[no test files]
ok  	github.com/chris-alexander-pop/system-design-library/pkg/security/secrets/tests	1.174s
?   	github.com/chris-alexander-pop/system-design-library/pkg/security/waf	[no test files]
?   	github.com/chris-alexander-pop/system-design-library/pkg/security/waf/adapters/memory	[no test files]
ok  	github.com/chris-alexander-pop/system-design-library/pkg/security/waf/tests	1.177s
?   	github.com/chris-alexander-pop/system-design-library/pkg/servicemesh	[no test files]
?   	github.com/chris-alexander-pop/system-design-library/pkg/servicemesh/circuitbreaker	[no test files]
ok  	github.com/chris-alexander-pop/system-design-library/pkg/servicemesh/circuitbreaker/tests	1.135s
?   	github.com/chris-alexander-pop/system-design-library/pkg/servicemesh/discovery	[no test files]
?   	github.com/chris-alexander-pop/system-design-library/pkg/servicemesh/discovery/adapters/memory	[no test files]
ok  	github.com/chris-alexander-pop/system-design-library/pkg/servicemesh/discovery/tests	1.036s
?   	github.com/chris-alexander-pop/system-design-library/pkg/servicemesh/ratelimit	[no test files]
ok  	github.com/chris-alexander-pop/system-design-library/pkg/servicemesh/ratelimit/tests	1.184s
?   	github.com/chris-alexander-pop/system-design-library/pkg/storage	[no test files]
?   	github.com/chris-alexander-pop/system-design-library/pkg/storage/archive	[no test files]
?   	github.com/chris-alexander-pop/system-design-library/pkg/storage/archive/adapters/memory	[no test files]
ok  	github.com/chris-alexander-pop/system-design-library/pkg/storage/archive/tests	1.024s
?   	github.com/chris-alexander-pop/system-design-library/pkg/storage/blob	[no test files]
?   	github.com/chris-alexander-pop/system-design-library/pkg/storage/blob/adapters/azureblob	[no test files]
ok  	github.com/chris-alexander-pop/system-design-library/pkg/storage/blob/adapters/azureblob/tests	1.016s
?   	github.com/chris-alexander-pop/system-design-library/pkg/storage/blob/adapters/gcs	[no test files]
ok  	github.com/chris-alexander-pop/system-design-library/pkg/storage/blob/adapters/gcs/tests	1.081s
?   	github.com/chris-alexander-pop/system-design-library/pkg/storage/blob/adapters/local	[no test files]
ok  	github.com/chris-alexander-pop/system-design-library/pkg/storage/blob/adapters/local/tests	1.213s
?   	github.com/chris-alexander-pop/system-design-library/pkg/storage/blob/adapters/memory	[no test files]
ok  	github.com/chris-alexander-pop/system-design-library/pkg/storage/blob/adapters/memory/tests	1.213s
?   	github.com/chris-alexander-pop/system-design-library/pkg/storage/blob/adapters/s3	[no test files]
ok  	github.com/chris-alexander-pop/system-design-library/pkg/storage/blob/adapters/s3/tests	1.055s
ok  	github.com/chris-alexander-pop/system-design-library/pkg/storage/blob/tests	1.028s
?   	github.com/chris-alexander-pop/system-design-library/pkg/storage/blob/testsuite	[no test files]
?   	github.com/chris-alexander-pop/system-design-library/pkg/storage/block	[no test files]
?   	github.com/chris-alexander-pop/system-design-library/pkg/storage/block/adapters/memory	[no test files]
ok  	github.com/chris-alexander-pop/system-design-library/pkg/storage/block/tests	1.020s
?   	github.com/chris-alexander-pop/system-design-library/pkg/storage/controller	[no test files]
?   	github.com/chris-alexander-pop/system-design-library/pkg/storage/controller/adapters/memory	[no test files]
?   	github.com/chris-alexander-pop/system-design-library/pkg/storage/file	[no test files]
?   	github.com/chris-alexander-pop/system-design-library/pkg/storage/file/adapters/memory	[no test files]
ok  	github.com/chris-alexander-pop/system-design-library/pkg/storage/file/tests	1.038s
?   	github.com/chris-alexander-pop/system-design-library/pkg/streaming	[no test files]
?   	github.com/chris-alexander-pop/system-design-library/pkg/streaming/adapters/eventhubs	[no test files]
ok  	github.com/chris-alexander-pop/system-design-library/pkg/streaming/adapters/eventhubs/tests	1.024s
?   	github.com/chris-alexander-pop/system-design-library/pkg/streaming/adapters/kinesis	[no test files]
ok  	github.com/chris-alexander-pop/system-design-library/pkg/streaming/adapters/kinesis/tests	1.035s
?   	github.com/chris-alexander-pop/system-design-library/pkg/streaming/adapters/memory	[no test files]
ok  	github.com/chris-alexander-pop/system-design-library/pkg/streaming/adapters/memory/tests	1.178s
?   	github.com/chris-alexander-pop/system-design-library/pkg/streaming/adapters/pubsub	[no test files]
ok  	github.com/chris-alexander-pop/system-design-library/pkg/streaming/adapters/pubsub/tests	1.034s
?   	github.com/chris-alexander-pop/system-design-library/pkg/telemetry	[no test files]
ok  	github.com/chris-alexander-pop/system-design-library/pkg/telemetry/tests	1.021s
?   	github.com/chris-alexander-pop/system-design-library/pkg/test	[no test files]
?   	github.com/chris-alexander-pop/system-design-library/pkg/validator	[no test files]
ok  	github.com/chris-alexander-pop/system-design-library/pkg/validator/tests	1.185s
?   	github.com/chris-alexander-pop/system-design-library/pkg/web3/blockchain/ethereum	[no test files]
?   	github.com/chris-alexander-pop/system-design-library/pkg/web3/blockchain/solana	[no test files]
?   	github.com/chris-alexander-pop/system-design-library/pkg/web3/identity	[no test files]
?   	github.com/chris-alexander-pop/system-design-library/pkg/web3/storage/ipfs	[no test files]
?   	github.com/chris-alexander-pop/system-design-library/pkg/workflow	[no test files]
?   	github.com/chris-alexander-pop/system-design-library/pkg/workflow/adapters/logicapps	[no test files]
?   	github.com/chris-alexander-pop/system-design-library/pkg/workflow/adapters/memory	[no test files]
?   	github.com/chris-alexander-pop/system-design-library/pkg/workflow/adapters/stepfunctions	[no test files]
?   	github.com/chris-alexander-pop/system-design-library/pkg/workflow/adapters/temporal	[no test files]
?   	github.com/chris-alexander-pop/system-design-library/pkg/workflow/saga	[no test files]
?   	github.com/chris-alexander-pop/system-design-library/pkg/workflow/scheduler	[no test files]
ok  	github.com/chris-alexander-pop/system-design-library/pkg/workflow/tests	1.122s
?   	github.com/chris-alexander-pop/system-design-library/services	[no test files]
?   	github.com/chris-alexander-pop/system-design-library/templates	[no test files]
?   	github.com/chris-alexander-pop/system-design-library/verification	[no test files]
